// Jest Snapshot v1, https://goo.gl/fbAQLP

exports[`ComboBox isError renders correctly 1`] = `
<DocumentFragment>
  <div
    class="sc-AxmLO hQkLgg"
    style="width: 200px;"
  >
    <input
      autocomplete="off"
      class="sc-Axmtr brOIdg"
      id="id8_input"
      type="search"
      value=""
    />
    <button
      class="sc-AxiKw eRzEko"
      id="id8_button_button"
      rotate="false"
      tabindex="-1"
      type="button"
    >
      <span
        class="sc-AxhCb iEiKXF"
      >
        <svg
          class="sc-AxhUy eUkfkW"
        >
          <path
            d="M7 10l5 5 5-5z"
          />
        </svg>
      </span>
    </button>
    <img
      class="sc-AxjAm khJDGy"
      src="data:image/gif;base64,R0lGODlhEAAQAIcAAED/QMJLMsNNNMVPNsNUPcxVPMZXQcddRs5dTNBZQcxiTM5kTtVgR9FjTNFhUNRkUthwWd5wWd1wXd18b919b+FdUuJfU+NhVOViVeZlVudnV+NmW+RnXOdsXehpWOpsWetuWulvX+F0XOVyWep2XexwW+5zXO92XfB4X/F6X+BzYO57Yel9aPN8YPN+YemCau2BaeyBbO6DbuOEdeaIeOqHfeuJfeqNe+yLf+ySf/KAZfSAYvWBYvWCY/SEZ/WEaveGbPaJa/iGbfONdvWOd/eMdfqOd/qUfN6hleWOg+eQhOeRheySiO2SieyYie2flfGTgvCXg/GXhPSZhPCfjvGdkOGkl+Onmu6glfihiPiiifijivOmkfSmkvGlmfGom/Gon/Kpn+uvovOvpvSsofWwo/ezoPezpPC0qPi0oPi2ofi1pfm5pvq8qPu9qfi+sfq/sv3DtfrZ0////wAAAAAAAAAAAAAAAAAAAAAAAAAAAAAAAAAAAAAAAAAAAAAAAAAAAAAAAAAAAAAAAAAAAAAAAAAAAAAAAAAAAAAAAAAAAAAAAAAAAAAAAAAAAAAAAAAAAAAAAAAAAAAAAAAAAAAAAAAAAAAAAAAAAAAAAAAAAAAAAAAAAAAAAAAAAAAAAAAAAAAAAAAAAAAAAAAAAAAAAAAAAAAAAAAAAAAAAAAAAAAAAAAAAAAAAAAAAAAAAAAAAAAAAAAAAAAAAAAAAAAAAAAAAAAAAAAAAAAAAAAAAAAAAAAAAAAAAAAAAAAAAAAAAAAAAAAAAAAAAAAAAAAAAAAAAAAAAAAAAAAAAAAAAAAAAAAAAAAAAAAAAAAAAAAAAAAAAAAAAAAAAAAAAAAAAAAAAAAAAAAAAAAAAAAAAAAAAAAAAAAAAAAAAAAAAAAAAAAAAAAAAAAAAAAAAAAAAAAAAAAAAAAAAAAAAAAAAAAAAAAAAAAAAAAAAAAAAAAAAAAAAAAAAAAAAAAAAAAAAAAAAAAAAAAAAAAAAAAAAAAAAAAAAAAAAAAAAAAAACH5BAMAAAAALAAAAAAQABAAAAjBAAEIHEiwoME4R4D8IPLG4EAjMrqkScOFBQyHQqS42RIkiJY2OUYULBLFTY8ec+a4aMHmhoiBcGKY5LEjZQoUJ9ZIECNwCJcsO1amPGGiBBQnEASuUOOjxc2UJUB8CPElgUASZnTgNCFnzgcPGjp4KSDwBZUpRUFUGaMhAwYbSxYIRKPijFQPKTFcsBDGgZWBEWiUaduEiYUKYSgYKMhgBhkcHDbUADMhgMMGD5RgeZIEAQGHAq8oGCDgABLQqAkGBAA7"
      title="error"
    />
  </div>
</DocumentFragment>
`;

exports[`ComboBox isLoading renders correctly 1`] = `
<DocumentFragment>
  <div
    class="sc-AxmLO kMckWu"
  >
    <input
      autocomplete="off"
      class="sc-Axmtr brOIdg"
      id="id7_input"
      type="search"
      value=""
    />
    <button
      class="sc-AxiKw eRzEko"
      id="id7_button_button"
      rotate="false"
      tabindex="-1"
      type="button"
    >
      <span
        class="sc-AxhCb iEiKXF"
      >
        <svg
          class="sc-AxhUy eUkfkW"
        >
          <path
            d="M7 10l5 5 5-5z"
          />
        </svg>
      </span>
    </button>
    <img
      class="sc-AxirZ cxtyjb"
      src="data:image/gif;base64,R0lGODlhEAAQALMMAKqooJGOhp2bk7e1rZ2bkre1rJCPhqqon8PBudDOxXd1bISCef///wAAAAAAAAAAACH/C05FVFNDQVBFMi4wAwEAAAAh+QQFAAAMACwAAAAAEAAQAAAET5DJyYyhmAZ7sxQEs1nMsmACGJKmSaVEOLXnK1PuBADepCiMg/DQ+/2GRI8RKOxJfpTCIJNIYArS6aRajWYZCASDa41Ow+Fx2YMWOyfpTAQAIfkEBQAADAAsAAAAABAAEAAABE6QyckEoZgKe7MEQMUxhoEd6FFdQWlOqTq15SlT9VQM3rQsjMKO5/n9hANixgjc9SQ/CgKRUSgw0ynFapVmGYkEg3v1gsPibg8tfk7CnggAIfkEBQAADAAsAAAAABAAEAAABE2QycnOoZjaA/IsRWV1goCBoMiUJTW8A0XMBPZmM4Ug3hQEjN2uZygahDyP0RBMEpmTRCKzWGCkUkq1SsFOFQrG1tr9gsPc3jnco4A9EQAh+QQFAAAMACwAAAAAEAAQAAAETpDJyUqhmFqbJ0LMIA7McWDfF5LmAVApOLUvLFMmlSTdJAiM3a73+wl5HYKSEET2lBSFIhMIYKRSimFriGIZiwWD2/WCw+Jt7xxeU9qZCAAh+QQFAAAMACwAAAAAEAAQAAAETZDJyRCimFqbZ0rVxgwF9n3hSJbeSQ2rCWIkpSjddBzMfee7nQ/XCfJ+OQYAQFksMgQBxumkEKLSCfVpMDCugqyW2w18xZmuwZycdDsRACH5BAUAAAwALAAAAAAQABAAAARNkMnJUqKYWpunUtXGIAj2feFIlt5JrWybkdSydNNQMLaND7pC79YBFnY+HENHMRgyhwPGaQhQotGm00oQMLBSLYPQ9QIASrLAq5x0OxEAIfkEBQAADAAsAAAAABAAEAAABE2QycmUopham+da1cYkCfZ94UiW3kmtbJuRlGF0E4Iwto3rut6tA9wFAjiJjkIgZAYDTLNJgUIpgqyAcTgwCuACJssAdL3gpLmbpLAzEQA7"
    />
  </div>
</DocumentFragment>
`;

exports[`Matches snapshot  1`] = `
<DocumentFragment>
  <div
    class="sc-AxmLO kMckWu"
  >
    <input
      autocomplete="off"
      class="sc-Axmtr brOIdg"
      id="id6_input"
      type="search"
      value=""
    />
    <button
      class="sc-AxiKw eRzEko"
      id="id6_button_button"
      rotate="false"
      tabindex="-1"
      type="button"
    >
      <span
        class="sc-AxhCb iEiKXF"
      >
        <svg
          class="sc-AxhUy eUkfkW"
        >
          <path
            d="M7 10l5 5 5-5z"
          />
        </svg>
      </span>
    </button>
  </div>
</DocumentFragment>
`;
