// Jest Snapshot v1, https://goo.gl/fbAQLP

exports[`Matches snapshot  1`] = `
<DocumentFragment>
  <button
    class="sc-AxjAm cqDHWp"
    id="id3"
  />
</DocumentFragment>
`;
