// Jest Snapshot v1, https://goo.gl/fbAQLP

exports[`Matches snapshot  1`] = `
<body>
  <div>
    <a
      class="sc-AxirZ fsqDyf"
      href=""
    >
      Test Link
    </a>
  </div>
</body>
`;
