// Jest Snapshot v1, https://goo.gl/fbAQLP

exports[`Matches snapshot  1`] = `
<DocumentFragment>
  <div
    class="sc-AxjAm eRgSgo"
  >
    <textarea
      class="sc-AxirZ iexTxl"
      name="TextAreaName"
    >
      tets
    </textarea>
  </div>
</DocumentFragment>
`;

exports[`error display TextArea 1`] = `
<DocumentFragment>
  <div
    class="sc-AxjAm dXdfdq"
  >
    <textarea
      class="sc-AxirZ iexTxl"
      name="TextAreaNameError"
    >
      tets
    </textarea>
    <img
      class="sc-AxiKw bxCqvx"
      src="data:image/gif;base64,R0lGODlhEAAQAIcAAED/QMJLMsNNNMVPNsNUPcxVPMZXQcddRs5dTNBZQcxiTM5kTtVgR9FjTNFhUNRkUthwWd5wWd1wXd18b919b+FdUuJfU+NhVOViVeZlVudnV+NmW+RnXOdsXehpWOpsWetuWulvX+F0XOVyWep2XexwW+5zXO92XfB4X/F6X+BzYO57Yel9aPN8YPN+YemCau2BaeyBbO6DbuOEdeaIeOqHfeuJfeqNe+yLf+ySf/KAZfSAYvWBYvWCY/SEZ/WEaveGbPaJa/iGbfONdvWOd/eMdfqOd/qUfN6hleWOg+eQhOeRheySiO2SieyYie2flfGTgvCXg/GXhPSZhPCfjvGdkOGkl+Onmu6glfihiPiiifijivOmkfSmkvGlmfGom/Gon/Kpn+uvovOvpvSsofWwo/ezoPezpPC0qPi0oPi2ofi1pfm5pvq8qPu9qfi+sfq/sv3DtfrZ0////wAAAAAAAAAAAAAAAAAAAAAAAAAAAAAAAAAAAAAAAAAAAAAAAAAAAAAAAAAAAAAAAAAAAAAAAAAAAAAAAAAAAAAAAAAAAAAAAAAAAAAAAAAAAAAAAAAAAAAAAAAAAAAAAAAAAAAAAAAAAAAAAAAAAAAAAAAAAAAAAAAAAAAAAAAAAAAAAAAAAAAAAAAAAAAAAAAAAAAAAAAAAAAAAAAAAAAAAAAAAAAAAAAAAAAAAAAAAAAAAAAAAAAAAAAAAAAAAAAAAAAAAAAAAAAAAAAAAAAAAAAAAAAAAAAAAAAAAAAAAAAAAAAAAAAAAAAAAAAAAAAAAAAAAAAAAAAAAAAAAAAAAAAAAAAAAAAAAAAAAAAAAAAAAAAAAAAAAAAAAAAAAAAAAAAAAAAAAAAAAAAAAAAAAAAAAAAAAAAAAAAAAAAAAAAAAAAAAAAAAAAAAAAAAAAAAAAAAAAAAAAAAAAAAAAAAAAAAAAAAAAAAAAAAAAAAAAAAAAAAAAAAAAAAAAAAAAAAAAAAAAAAAAAAAAAAAAAAAAAAAAAAAAAAAAAAAAAAAAAACH5BAMAAAAALAAAAAAQABAAAAjBAAEIHEiwoME4R4D8IPLG4EAjMrqkScOFBQyHQqS42RIkiJY2OUYULBLFTY8ec+a4aMHmhoiBcGKY5LEjZQoUJ9ZIECNwCJcsO1amPGGiBBQnEASuUOOjxc2UJUB8CPElgUASZnTgNCFnzgcPGjp4KSDwBZUpRUFUGaMhAwYbSxYIRKPijFQPKTFcsBDGgZWBEWiUaduEiYUKYSgYKMhgBhkcHDbUADMhgMMGD5RgeZIEAQGHAq8oGCDgABLQqAkGBAA7"
      title="Ahtung! Wrong value"
    />
  </div>
</DocumentFragment>
`;

exports[`isLoading display TextArea  1`] = `
<DocumentFragment>
  <div
    class="sc-AxjAm eRgSgo"
  >
    <textarea
      class="sc-AxirZ iexTxl"
      name="TextAreaNameLoading"
    >
      tets
    </textarea>
    <img
      class="sc-AxhCb fOTuKT"
      src="data:image/gif;base64,R0lGODlhEAAQALMMAKqooJGOhp2bk7e1rZ2bkre1rJCPhqqon8PBudDOxXd1bISCef///wAAAAAAAAAAACH/C05FVFNDQVBFMi4wAwEAAAAh+QQFAAAMACwAAAAAEAAQAAAET5DJyYyhmAZ7sxQEs1nMsmACGJKmSaVEOLXnK1PuBADepCiMg/DQ+/2GRI8RKOxJfpTCIJNIYArS6aRajWYZCASDa41Ow+Fx2YMWOyfpTAQAIfkEBQAADAAsAAAAABAAEAAABE6QyckEoZgKe7MEQMUxhoEd6FFdQWlOqTq15SlT9VQM3rQsjMKO5/n9hANixgjc9SQ/CgKRUSgw0ynFapVmGYkEg3v1gsPibg8tfk7CnggAIfkEBQAADAAsAAAAABAAEAAABE2QycnOoZjaA/IsRWV1goCBoMiUJTW8A0XMBPZmM4Ug3hQEjN2uZygahDyP0RBMEpmTRCKzWGCkUkq1SsFOFQrG1tr9gsPc3jnco4A9EQAh+QQFAAAMACwAAAAAEAAQAAAETpDJyUqhmFqbJ0LMIA7McWDfF5LmAVApOLUvLFMmlSTdJAiM3a73+wl5HYKSEET2lBSFIhMIYKRSimFriGIZiwWD2/WCw+Jt7xxeU9qZCAAh+QQFAAAMACwAAAAAEAAQAAAETZDJyRCimFqbZ0rVxgwF9n3hSJbeSQ2rCWIkpSjddBzMfee7nQ/XCfJ+OQYAQFksMgQBxumkEKLSCfVpMDCugqyW2w18xZmuwZycdDsRACH5BAUAAAwALAAAAAAQABAAAARNkMnJUqKYWpunUtXGIAj2feFIlt5JrWybkdSydNNQMLaND7pC79YBFnY+HENHMRgyhwPGaQhQotGm00oQMLBSLYPQ9QIASrLAq5x0OxEAIfkEBQAADAAsAAAAABAAEAAABE2QycmUopham+da1cYkCfZ94UiW3kmtbJuRlGF0E4Iwto3rut6tA9wFAjiJjkIgZAYDTLNJgUIpgqyAcTgwCuACJssAdL3gpLmbpLAzEQA7"
    />
  </div>
</DocumentFragment>
`;

exports[`resize display TextArea  1`] = `
<DocumentFragment>
  <div
    class="sc-AxjAm eRgSgo"
  >
    <textarea
      class="sc-AxirZ jWPjXJ"
      name="TextAreaNameResize"
    >
      tets
    </textarea>
  </div>
</DocumentFragment>
`;

exports[`resize horizontal display TextArea 1`] = `
<DocumentFragment>
  <div
    class="sc-AxjAm eRgSgo"
  >
    <textarea
      class="sc-AxirZ bMPzmO"
      name="TextAreaNameResize"
    >
      tets
    </textarea>
  </div>
</DocumentFragment>
`;

exports[`resize horizontal display TextArea 2`] = `
<DocumentFragment>
  <div
    class="sc-AxjAm eRgSgo"
  >
    <textarea
      class="sc-AxirZ bQWygS"
      name="TextAreaNameResize"
    >
      tets
    </textarea>
  </div>
</DocumentFragment>
`;
