// Jest Snapshot v1, https://goo.gl/fbAQLP

exports[`Matches snapshot  1`] = `
<DocumentFragment>
  <div
    class="sc-AxirZ ercANe"
  />
</DocumentFragment>
`;
