// Jest Snapshot v1, https://goo.gl/fbAQLP

exports[`Matches snapshot  1`] = `
<DocumentFragment>
  <div
    class="sc-AxiKw etJfvk"
  >
    <button
      class="sc-AxhCb bjlzQy"
    >
      <img
        src="data:image/gif;base64,R0lGODlhEAAQAIcAACRIkChNli1TnjNZpjhgrz9otx1m9S9kzy9l0yxm2DBiyDFq2zhu3D5z2z913SRq8ixx7jRy6D5++URvwEJt1Ep1yE970Eh630574UD/QFOA1lOE3VWF3liH30+K9k+J/VGD4VeH4FaE6VmK4l+L4F+M4WCM5GWP62mR42iU5WuT62+W7G2Z5mec+2ma/2ic+XGa536f7oKg54Wu/42r8Iiu/5a076G+8KK9/6W//6rE7wAAAAAAAAAAAAAAAAAAAAAAAAAAAAAAAAAAAAAAAAAAAAAAAAAAAAAAAAAAAAAAAAAAAAAAAAAAAAAAAAAAAAAAAAAAAAAAAAAAAAAAAAAAAAAAAAAAAAAAAAAAAAAAAAAAAAAAAAAAAAAAAAAAAAAAAAAAAAAAAAAAAAAAAAAAAAAAAAAAAAAAAAAAAAAAAAAAAAAAAAAAAAAAAAAAAAAAAAAAAAAAAAAAAAAAAAAAAAAAAAAAAAAAAAAAAAAAAAAAAAAAAAAAAAAAAAAAAAAAAAAAAAAAAAAAAAAAAAAAAAAAAAAAAAAAAAAAAAAAAAAAAAAAAAAAAAAAAAAAAAAAAAAAAAAAAAAAAAAAAAAAAAAAAAAAAAAAAAAAAAAAAAAAAAAAAAAAAAAAAAAAAAAAAAAAAAAAAAAAAAAAAAAAAAAAAAAAAAAAAAAAAAAAAAAAAAAAAAAAAAAAAAAAAAAAAAAAAAAAAAAAAAAAAAAAAAAAAAAAAAAAAAAAAAAAAAAAAAAAAAAAAAAAAAAAAAAAAAAAAAAAAAAAAAAAAAAAAAAAAAAAAAAAAAAAAAAAAAAAAAAAAAAAAAAAAAAAAAAAAAAAAAAAAAAAAAAAAAAAAAAAAAAAAAAAAAAAAAAAAAAAAAAAAAAAAAAAAAAAAAAAAAAAAAAAAAAAAAAAAAAAAAAAAAAAAAAAAAAAAAAAAAAAAAAAAAAAAAAAAAAAAAAAAAAAAAAAAAAAAAAAAAAAAAAAAAAAAAAAAAAAAAAAAAAAAAAAAAAAAAAAAAAAACH5BAMAABkALAAAAAAQABAAAAh6ADMIHEiwoMGDB2HIQGEwhEEWOhwSJKHBYIobFQeWyGHBoAkbHQV2yOGigsERNExm4JBjxocJBkHEgLkBR40XEgoYvLBCZ4YGLTxAIGDQgQqiAg9EeDDAIIMTTQcqMCDA4AIRVQkiCGAwAQauBQEYpABALMKzaNMODAgAOw=="
        title="Первая"
      />
    </button>
    <button
      class="sc-AxhCb bjlzQy"
    >
      <img
        src="data:image/gif;base64,R0lGODlhEAAQAIcAACRIkChNli1TnjNZpjhgrz9otx1m9S9kzy9l0yxm2DBiyDFq2zhu3D5z2z913SRq8ixx7jRy6D5++URvwEJt1Ep1yE970Eh630574UD/QFOA1lOE3VWF3liH30+K9k+J/VGD4VeH4FaE6VmK4l+L4F+M4WCM5GWP62mR42iU5WuT62+W7G2Z5mec+2ma/2ic+XGa536f7oKg54Wu/42r8Iiu/5a076G+8KK9/6W//6rE7wAAAAAAAAAAAAAAAAAAAAAAAAAAAAAAAAAAAAAAAAAAAAAAAAAAAAAAAAAAAAAAAAAAAAAAAAAAAAAAAAAAAAAAAAAAAAAAAAAAAAAAAAAAAAAAAAAAAAAAAAAAAAAAAAAAAAAAAAAAAAAAAAAAAAAAAAAAAAAAAAAAAAAAAAAAAAAAAAAAAAAAAAAAAAAAAAAAAAAAAAAAAAAAAAAAAAAAAAAAAAAAAAAAAAAAAAAAAAAAAAAAAAAAAAAAAAAAAAAAAAAAAAAAAAAAAAAAAAAAAAAAAAAAAAAAAAAAAAAAAAAAAAAAAAAAAAAAAAAAAAAAAAAAAAAAAAAAAAAAAAAAAAAAAAAAAAAAAAAAAAAAAAAAAAAAAAAAAAAAAAAAAAAAAAAAAAAAAAAAAAAAAAAAAAAAAAAAAAAAAAAAAAAAAAAAAAAAAAAAAAAAAAAAAAAAAAAAAAAAAAAAAAAAAAAAAAAAAAAAAAAAAAAAAAAAAAAAAAAAAAAAAAAAAAAAAAAAAAAAAAAAAAAAAAAAAAAAAAAAAAAAAAAAAAAAAAAAAAAAAAAAAAAAAAAAAAAAAAAAAAAAAAAAAAAAAAAAAAAAAAAAAAAAAAAAAAAAAAAAAAAAAAAAAAAAAAAAAAAAAAAAAAAAAAAAAAAAAAAAAAAAAAAAAAAAAAAAAAAAAAAAAAAAAAAAAAAAAAAAAAAAAAAAAAAAAAAAAAAAAAAAAAAAAAAAAAAAAAAAAAAAAAAAAAAAAAAAAAAAAAAAAAAAAAAAAAAAAAAAAAAAAAAAACH5BAMAABkALAAAAAAQABAAAAhMADMIHEiwoMGDCAuGSFiQhAaGA0vksAAxQ4ccLipA5JBjxocJDDfgqPFCQgGIDVp4gECg4oEIDwZUzKDAgICZGRAEwJkBAM+fQA0GBAA7"
        title="Предыдушая"
      />
    </button>
    <label
      class="sc-AxhUy esMeTj"
    >
      Стр. 
      <input
        class="sc-AxgMl jVJRfs"
        max="2"
        min="1"
        type="number"
        value="1"
      />
       из 2
    </label>
    <button
      class="sc-AxhCb bjlzQy"
    >
      <img
        src="data:image/gif;base64,R0lGODlhEAAQAIcAACRIkChNli1TnjNZpjhgrz9otx1m9S9kzy9l0yxm2DBiyDFq2zhu3D5z2z913SRq8ixx7jRy6D5++URvwEJt1Ep1yE970Eh630574UD/QFOA1lOE3VWF3liH30+K9k+J/VGD4VeH4FaE6VmK4l+L4F+M4WCM5GWP62mR42iU5WuT62+W7G2Z5mec+2ma/2ic+XGa536f7oKg54Wu/42r8Iiu/5a076G+8KK9/6W//6rE7wAAAAAAAAAAAAAAAAAAAAAAAAAAAAAAAAAAAAAAAAAAAAAAAAAAAAAAAAAAAAAAAAAAAAAAAAAAAAAAAAAAAAAAAAAAAAAAAAAAAAAAAAAAAAAAAAAAAAAAAAAAAAAAAAAAAAAAAAAAAAAAAAAAAAAAAAAAAAAAAAAAAAAAAAAAAAAAAAAAAAAAAAAAAAAAAAAAAAAAAAAAAAAAAAAAAAAAAAAAAAAAAAAAAAAAAAAAAAAAAAAAAAAAAAAAAAAAAAAAAAAAAAAAAAAAAAAAAAAAAAAAAAAAAAAAAAAAAAAAAAAAAAAAAAAAAAAAAAAAAAAAAAAAAAAAAAAAAAAAAAAAAAAAAAAAAAAAAAAAAAAAAAAAAAAAAAAAAAAAAAAAAAAAAAAAAAAAAAAAAAAAAAAAAAAAAAAAAAAAAAAAAAAAAAAAAAAAAAAAAAAAAAAAAAAAAAAAAAAAAAAAAAAAAAAAAAAAAAAAAAAAAAAAAAAAAAAAAAAAAAAAAAAAAAAAAAAAAAAAAAAAAAAAAAAAAAAAAAAAAAAAAAAAAAAAAAAAAAAAAAAAAAAAAAAAAAAAAAAAAAAAAAAAAAAAAAAAAAAAAAAAAAAAAAAAAAAAAAAAAAAAAAAAAAAAAAAAAAAAAAAAAAAAAAAAAAAAAAAAAAAAAAAAAAAAAAAAAAAAAAAAAAAAAAAAAAAAAAAAAAAAAAAAAAAAAAAAAAAAAAAAAAAAAAAAAAAAAAAAAAAAAAAAAAAAAAAAAAAAAAAAAAAAAAAAAAAAAAAAAAAAAAAAACH5BAMAABkALAAAAAAQABAAAAhIADMIHEiwoMGDCDPASGiQBQmGBFPgeAgxgwkcNShUHGHjRQuNDEHQaAEhwQCGF2CUBADRAYgELCEyoBAT4oKaEBNU3MmzJ8GAADs="
        title="Следующая"
      />
    </button>
    <button
      class="sc-AxhCb bjlzQy"
    >
      <img
        src="data:image/gif;base64,R0lGODlhEAAQAIcAACRIkChNli1TnjNZpjhgrz9otx1m9S9kzy9l0yxm2DBiyDFq2zhu3D5z2z913SRq8ixx7jRy6D5++URvwEJt1Ep1yE970Eh630574UD/QFOA1lOE3VWF3liH30+K9k+J/VGD4VeH4FaE6VmK4l+L4F+M4WCM5GWP62mR42iU5WuT62+W7G2Z5mec+2ma/2ic+XGa536f7oKg54Wu/42r8Iiu/5a076G+8KK9/6W//6rE7wAAAAAAAAAAAAAAAAAAAAAAAAAAAAAAAAAAAAAAAAAAAAAAAAAAAAAAAAAAAAAAAAAAAAAAAAAAAAAAAAAAAAAAAAAAAAAAAAAAAAAAAAAAAAAAAAAAAAAAAAAAAAAAAAAAAAAAAAAAAAAAAAAAAAAAAAAAAAAAAAAAAAAAAAAAAAAAAAAAAAAAAAAAAAAAAAAAAAAAAAAAAAAAAAAAAAAAAAAAAAAAAAAAAAAAAAAAAAAAAAAAAAAAAAAAAAAAAAAAAAAAAAAAAAAAAAAAAAAAAAAAAAAAAAAAAAAAAAAAAAAAAAAAAAAAAAAAAAAAAAAAAAAAAAAAAAAAAAAAAAAAAAAAAAAAAAAAAAAAAAAAAAAAAAAAAAAAAAAAAAAAAAAAAAAAAAAAAAAAAAAAAAAAAAAAAAAAAAAAAAAAAAAAAAAAAAAAAAAAAAAAAAAAAAAAAAAAAAAAAAAAAAAAAAAAAAAAAAAAAAAAAAAAAAAAAAAAAAAAAAAAAAAAAAAAAAAAAAAAAAAAAAAAAAAAAAAAAAAAAAAAAAAAAAAAAAAAAAAAAAAAAAAAAAAAAAAAAAAAAAAAAAAAAAAAAAAAAAAAAAAAAAAAAAAAAAAAAAAAAAAAAAAAAAAAAAAAAAAAAAAAAAAAAAAAAAAAAAAAAAAAAAAAAAAAAAAAAAAAAAAAAAAAAAAAAAAAAAAAAAAAAAAAAAAAAAAAAAAAAAAAAAAAAAAAAAAAAAAAAAAAAAAAAAAAAAAAAAAAAAAAAAAAAAAAAAAAAAAAAAAAAAAAACH5BAMAABkALAAAAAAQABAAAAh4ADMIHEiwoMGDB2EYhCEDhUEWJAqy0BHCYAocEQemuKHBoAkcNSgMNGHDgsERNl60EJlhBI0KBkHQaAEhwYAMIGJMMHgBRk0AAi+sKGDQAYgEQAU6UEHAIAMKSQUyOHGz4IKoAheIEGAwQVcMARAWhIpVrNmzGQICADs="
        title="Последняя"
      />
    </button>
    <button
      class="sc-AxhCb bjlzQy"
    >
      <img
        src="data:image/gif;base64,R0lGODlhEAAQAIcAABBYsRhcvRhuzhR0xiBxzyZ4zyd70yd71SR72Cp50Dd3yTp/zT16yEN5w0J8x1J+whqI3BqA7ByQ+CKA1iqA0iyE0SqC2jyK1iyL5SqV/CqX/zSL4jqh/z2n/0qHyEqMzkqH1UqG20+J1kKQ30qS1liOzVaR3VSb10Sa4Eyf6VKf40uh4Uii60On/0it/0+u/1Kj4Vqk6lew/1my/2Wb3Wuc1W+c2nCNx26n3G6q33Sj3GCm7G+q5Guz72O3/3ax53a3+HS+/3W+/3W//3nB/37D/4Wl1oOn25Sx3YWp4Iq1442y4Y+66JC+552+5ojC74XC/YjK/47J/5TM/5bM/5jP/5vM/p7P/5/P/6XA5qHK763C5KzE6arM7KDT/6LR/6HU/6TS/6DZ/7TM6rDU87Df/7fc/73W87Hg/7rk/73g/7zi/7zl/8Tb9MTd9s7d88Dk/8Xi/87k99bh9Nbm9tHp/9rm9uPr+eXz/+b0/+vy/O31/Pb7//j5/P3+//7+/////wAAAAAAAAAAAAAAAAAAAAAAAAAAAAAAAAAAAAAAAAAAAAAAAAAAAAAAAAAAAAAAAAAAAAAAAAAAAAAAAAAAAAAAAAAAAAAAAAAAAAAAAAAAAAAAAAAAAAAAAAAAAAAAAAAAAAAAAAAAAAAAAAAAAAAAAAAAAAAAAAAAAAAAAAAAAAAAAAAAAAAAAAAAAAAAAAAAAAAAAAAAAAAAAAAAAAAAAAAAAAAAAAAAAAAAAAAAAAAAAAAAAAAAAAAAAAAAAAAAAAAAAAAAAAAAAAAAAAAAAAAAAAAAAAAAAAAAAAAAAAAAAAAAAAAAAAAAAAAAAAAAAAAAAAAAAAAAAAAAAAAAAAAAAAAAAAAAAAAAAAAAAAAAAAAAAAAAAAAAAAAAAAAAAAAAAAAAAAAAAAAAAAAAAAAAAAAAAAAAAAAAAAAAAAAAAAAAAAAAAAAAAAAAAAAAAAAAAAAAAAAAAAAAAAAAAAAAAAAAAAAAAAAAAAAAAAAAAAAAAAAAAAAAACH5BAMAAIAALAAAAAAQABAAAAiuAAEJHEiwoMEmKCZQ+DDG4MAeEjJwaDHkgBOHWiA8IfMDgwwiCeaYCEGQR56BbjYIiQLAigKHA5cAmVKlTAOYgPQYWeDlC5oHArusgMEihQo5NcSwgbMmzQ2BOPDEMQOmSI43NESA8OBgi8ATdcJgqaDEYJ+BJNRcobKDCU5AF6AMkBLEQpuBd5IQHBGDTgEfMxDo4HIkQBaHZwy8cNFBQwQbOO2UICCAAZK3mAMCADs="
        title="Обновить"
      />
    </button>
  </div>
</DocumentFragment>
`;
