// Jest Snapshot v1, https://goo.gl/fbAQLP

exports[`Matches snapshot  1`] = `
<DocumentFragment>
  <section
    class="sc-fzoLag inWPiQ"
  >
    <div
      class="sc-fznZeY JotLz"
    >
      <table
        class="sc-fznKkj fMNvPW"
      >
        <thead
          class="sc-fzokOt dNeaSo"
        >
          <tr
            class="sc-fzqNJr jQXiND"
          >
            <th
              class="sc-fzqBZW cVRUvW"
            >
              header1
            </th>
            <th
              class="sc-fzqBZW cVRUvW"
            >
              header2
            </th>
            <th
              class="sc-fzqBZW cVRUvW"
            >
              header3
            </th>
            <th
              class="sc-fzqBZW cVRUvW"
            >
              header4
            </th>
          </tr>
        </thead>
        <tbody
          class="sc-fzpans STsDJ"
        >
          <tr
            class="sc-fzqNJr jQXiND"
          >
            <td
              class="sc-fzoyAV ffnEzq"
            >
              Row1
            </td>
            <td
              class="sc-fzoyAV ffnEzq"
            >
              Row1
            </td>
            <td
              class="sc-fzoyAV ffnEzq"
            >
              Row1
            </td>
            <td
              class="sc-fzoyAV ffnEzq"
            >
              Row1
            </td>
          </tr>
          <tr
            class="sc-fzqNJr jQXiND"
          >
            <td
              class="sc-fzoyAV ffnEzq"
            >
              Row2
            </td>
            <td
              class="sc-fzoyAV ffnEzq"
            >
              Row2
            </td>
            <td
              class="sc-fzoyAV ffnEzq"
            >
              Row2
            </td>
            <td
              class="sc-fzoyAV ffnEzq"
            >
              Row2
            </td>
          </tr>
          <tr
            class="sc-fzqNJr jQXiND"
          >
            <td
              class="sc-fzoyAV ffnEzq"
            >
              Row3
            </td>
            <td
              class="sc-fzoyAV ffnEzq"
            >
              Row3
            </td>
            <td
              class="sc-fzoyAV ffnEzq"
            >
              Row3
            </td>
            <td
              class="sc-fzoyAV ffnEzq"
            >
              Row3
            </td>
          </tr>
          <tr
            class="sc-fzqNJr jQXiND"
          >
            <td
              class="sc-fzoyAV ffnEzq"
            >
              Row4
            </td>
            <td
              class="sc-fzoyAV ffnEzq"
            >
              Row4
            </td>
            <td
              class="sc-fzoyAV ffnEzq"
            >
              Row4
            </td>
            <td
              class="sc-fzoyAV ffnEzq"
            >
              Row4
            </td>
          </tr>
          <tr
            class="sc-fzqNJr jQXiND"
          >
            <td
              class="sc-fzoyAV ffnEzq"
            >
              Row5
            </td>
            <td
              class="sc-fzoyAV ffnEzq"
            >
              Row5
            </td>
            <td
              class="sc-fzoyAV ffnEzq"
            >
              Row5
            </td>
            <td
              class="sc-fzoyAV ffnEzq"
            >
              Row5
            </td>
          </tr>
          <tr
            class="sc-fzqNJr jQXiND"
          >
            <td
              class="sc-fzoyAV ffnEzq"
            >
              Row6
            </td>
            <td
              class="sc-fzoyAV ffnEzq"
            >
              Row6
            </td>
            <td
              class="sc-fzoyAV ffnEzq"
            >
              Row6
            </td>
            <td
              class="sc-fzoyAV ffnEzq"
            >
              Row6
            </td>
          </tr>
          <tr
            class="sc-fzqNJr jQXiND"
          >
            <td
              class="sc-fzoyAV ffnEzq"
            >
              Row1
            </td>
            <td
              class="sc-fzoyAV ffnEzq"
            >
              Row1
            </td>
            <td
              class="sc-fzoyAV ffnEzq"
            >
              Row1
            </td>
            <td
              class="sc-fzoyAV ffnEzq"
            >
              Row1
            </td>
          </tr>
          <tr
            class="sc-fzqNJr jQXiND"
          >
            <td
              class="sc-fzoyAV ffnEzq"
            >
              Row2
            </td>
            <td
              class="sc-fzoyAV ffnEzq"
            >
              Row2
            </td>
            <td
              class="sc-fzoyAV ffnEzq"
            >
              Row2
            </td>
            <td
              class="sc-fzoyAV ffnEzq"
            >
              Row2
            </td>
          </tr>
          <tr
            class="sc-fzqNJr jQXiND"
          >
            <td
              class="sc-fzoyAV ffnEzq"
            >
              Row3
            </td>
            <td
              class="sc-fzoyAV ffnEzq"
            >
              Row3
            </td>
            <td
              class="sc-fzoyAV ffnEzq"
            >
              Row3
            </td>
            <td
              class="sc-fzoyAV ffnEzq"
            >
              Row3
            </td>
          </tr>
          <tr
            class="sc-fzqNJr jQXiND"
          >
            <td
              class="sc-fzoyAV ffnEzq"
            >
              Row4
            </td>
            <td
              class="sc-fzoyAV ffnEzq"
            >
              Row4
            </td>
            <td
              class="sc-fzoyAV ffnEzq"
            >
              Row4
            </td>
            <td
              class="sc-fzoyAV ffnEzq"
            >
              Row4
            </td>
          </tr>
          <tr
            class="sc-fzqNJr jQXiND"
          >
            <td
              class="sc-fzoyAV ffnEzq"
            >
              Row5
            </td>
            <td
              class="sc-fzoyAV ffnEzq"
            >
              Row5
            </td>
            <td
              class="sc-fzoyAV ffnEzq"
            >
              Row5
            </td>
            <td
              class="sc-fzoyAV ffnEzq"
            >
              Row5
            </td>
          </tr>
          <tr
            class="sc-fzqNJr jQXiND"
          >
            <td
              class="sc-fzoyAV ffnEzq"
            >
              Row6
            </td>
            <td
              class="sc-fzoyAV ffnEzq"
            >
              Row6
            </td>
            <td
              class="sc-fzoyAV ffnEzq"
            >
              Row6
            </td>
            <td
              class="sc-fzoyAV ffnEzq"
            >
              Row6
            </td>
          </tr>
          <tr
            class="sc-fzqNJr jQXiND"
          >
            <td
              class="sc-fzoyAV ffnEzq"
            >
              Row1
            </td>
            <td
              class="sc-fzoyAV ffnEzq"
            >
              Row1
            </td>
            <td
              class="sc-fzoyAV ffnEzq"
            >
              Row1
            </td>
            <td
              class="sc-fzoyAV ffnEzq"
            >
              Row1
            </td>
          </tr>
          <tr
            class="sc-fzqNJr jQXiND"
          >
            <td
              class="sc-fzoyAV ffnEzq"
            >
              Row2
            </td>
            <td
              class="sc-fzoyAV ffnEzq"
            >
              Row2
            </td>
            <td
              class="sc-fzoyAV ffnEzq"
            >
              Row2
            </td>
            <td
              class="sc-fzoyAV ffnEzq"
            >
              Row2
            </td>
          </tr>
          <tr
            class="sc-fzqNJr jQXiND"
          >
            <td
              class="sc-fzoyAV ffnEzq"
            >
              Row3
            </td>
            <td
              class="sc-fzoyAV ffnEzq"
            >
              Row3
            </td>
            <td
              class="sc-fzoyAV ffnEzq"
            >
              Row3
            </td>
            <td
              class="sc-fzoyAV ffnEzq"
            >
              Row3
            </td>
          </tr>
          <tr
            class="sc-fzqNJr jQXiND"
          >
            <td
              class="sc-fzoyAV ffnEzq"
            >
              Row4
            </td>
            <td
              class="sc-fzoyAV ffnEzq"
            >
              Row4
            </td>
            <td
              class="sc-fzoyAV ffnEzq"
            >
              Row4
            </td>
            <td
              class="sc-fzoyAV ffnEzq"
            >
              Row4
            </td>
          </tr>
          <tr
            class="sc-fzqNJr jQXiND"
          >
            <td
              class="sc-fzoyAV ffnEzq"
            >
              Row5
            </td>
            <td
              class="sc-fzoyAV ffnEzq"
            >
              Row5
            </td>
            <td
              class="sc-fzoyAV ffnEzq"
            >
              Row5
            </td>
            <td
              class="sc-fzoyAV ffnEzq"
            >
              Row5
            </td>
          </tr>
          <tr
            class="sc-fzqNJr jQXiND"
          >
            <td
              class="sc-fzoyAV ffnEzq"
            >
              Row6
            </td>
            <td
              class="sc-fzoyAV ffnEzq"
            >
              Row6
            </td>
            <td
              class="sc-fzoyAV ffnEzq"
            >
              Row6
            </td>
            <td
              class="sc-fzoyAV ffnEzq"
            >
              Row6
            </td>
          </tr>
          <tr
            class="sc-fzplWN hbEGsR"
          >
            <td
              class="sc-fznyAO eMIraO"
            />
          </tr>
        </tbody>
      </table>
    </div>
  </section>
</DocumentFragment>
`;
