// Jest Snapshot v1, https://goo.gl/fbAQLP

exports[`Matches snapshot 1`] = `
<body>
  <div>
    <button
      data-testid="button"
    >
      Show
    </button>
  </div>
</body>
`;
