// Jest Snapshot v1, https://goo.gl/fbAQLP

exports[`Matches snapshot 1`] = `
<DocumentFragment>
  <div
    class="sc-AxhCb fJYEYh"
  />
  <div
    class="sc-Axmtr eBZWUw"
  >
    <div
      class="sc-AxhUy dybvAb"
    >
      Text
    </div>
  </div>
</DocumentFragment>
`;
